
  .   ____          _            __ _ _
 /\\ / ___'_ __ _ _(_)_ __  __ _ \ \ \ \
( ( )\___ | '_ | '_| | '_ \/ _` | \ \ \ \
 \\/  ___)| |_)| | | | | || (_| |  ) ) ) )
  '  |____| .__|_| |_|_| |_\__, | / / / /
 =========|_|==============|___/=/_/_/_/

 :: Spring Boot ::               (v3.5.13)

2026-04-12T10:09:13.537+08:00  INFO 3642 --- [vaccine-system] [           main] c.ai.dingding.VaccineSystemApplication   : Starting VaccineSystemApplication v0.0.1-SNAPSHOT using Java 17.0.11 with PID 3642 (/Users/xiaomeng/workspace/java/ai-dingding/ai-dingding-0.0.1-SNAPSHOT.jar started by xiaomeng in /Users/xiaomeng/workspace/java/ai-dingding)
2026-04-12T10:09:13.540+08:00  INFO 3642 --- [vaccine-system] [           main] c.ai.dingding.VaccineSystemApplication   : No active profile set, falling back to 1 default profile: "default"
2026-04-12T10:09:14.392+08:00  WARN 3642 --- [vaccine-system] [           main] o.m.s.mapper.ClassPathMapperScanner      : No MyBatis mapper was found in '[com.ai.dingding]' package. Please check your configuration.
2026-04-12T10:09:14.712+08:00  INFO 3642 --- [vaccine-system] [           main] o.s.b.w.embedded.tomcat.TomcatWebServer  : Tomcat initialized with port 8080 (http)
2026-04-12T10:09:14.726+08:00  INFO 3642 --- [vaccine-system] [           main] o.apache.catalina.core.StandardService   : Starting service [Tomcat]
2026-04-12T10:09:14.727+08:00  INFO 3642 --- [vaccine-system] [           main] o.apache.catalina.core.StandardEngine    : Starting Servlet engine: [Apache Tomcat/10.1.53]
2026-04-12T10:09:14.755+08:00  INFO 3642 --- [vaccine-system] [           main] o.a.c.c.C.[Tomcat].[localhost].[/]       : Initializing Spring embedded WebApplicationContext
2026-04-12T10:09:14.756+08:00  INFO 3642 --- [vaccine-system] [           main] w.s.c.ServletWebServerApplicationContext : Root WebApplicationContext: initialization completed in 1168 ms
2026-04-12T10:09:15.046+08:00  WARN 3642 --- [vaccine-system] [           main] ion$DefaultTemplateResolverConfiguration : Cannot find template location: classpath:/templates/ (please add some templates, check your Thymeleaf configuration, or set spring.thymeleaf.check-template-location=false)
Logging initialized using 'class org.apache.ibatis.logging.stdout.StdOutImpl' adapter.
Get /192.168.1.12 network interface 
Get network interface info: name:en0 (en0)
Initialization Sequence datacenterId:30 workerId:30
 _ _   |_  _ _|_. ___ _ |    _ 
| | |\/|_)(_| | |_\  |_)||_|_\ 
     /               |         
                        3.5.7 
2026-04-12T10:09:15.424+08:00  INFO 3642 --- [vaccine-system] [           main] o.s.b.w.embedded.tomcat.TomcatWebServer  : Tomcat started on port 8080 (http) with context path '/'
2026-04-12T10:09:15.434+08:00  INFO 3642 --- [vaccine-system] [           main] c.ai.dingding.VaccineSystemApplication   : Started VaccineSystemApplication in 2.334 seconds (process running for 2.806)
2026-04-12T10:10:49.949+08:00  INFO 3642 --- [vaccine-system] [ionShutdownHook] o.s.b.w.e.tomcat.GracefulShutdown        : Commencing graceful shutdown. Waiting for active requests to complete
2026-04-12T10:10:49.958+08:00  INFO 3642 --- [vaccine-system] [tomcat-shutdown] o.s.b.w.e.tomcat.GracefulShutdown        : Graceful shutdown complete
